Archive member included to satisfy reference by file (symbol)

c:/st/stm32cubeide_1.6.1/stm32cubeide/plugins/com.st.stm32cube.ide.mcu.externaltools.gnu-tools-for-stm32.10.3-2021.10.win32_1.0.0.202111181127/tools/bin/../lib/gcc/arm-none-eabi/10.3.1/../../../../arm-none-eabi/lib/thumb/v7e-m+fp/hard\libc_nano.a(lib_a-errno.o)
                              ./Core/Src/syscalls.o (__errno)
c:/st/stm32cubeide_1.6.1/stm32cubeide/plugins/com.st.stm32cube.ide.mcu.externaltools.gnu-tools-for-stm32.10.3-2021.10.win32_1.0.0.202111181127/tools/bin/../lib/gcc/arm-none-eabi/10.3.1/../../../../arm-none-eabi/lib/thumb/v7e-m+fp/hard\libc_nano.a(lib_a-exit.o)
                              c:/st/stm32cubeide_1.6.1/stm32cubeide/plugins/com.st.stm32cube.ide.mcu.externaltools.gnu-tools-for-stm32.10.3-2021.10.win32_1.0.0.202111181127/tools/bin/../lib/gcc/arm-none-eabi/10.3.1/../../../../arm-none-eabi/lib/thumb/v7e-m+fp/hard/crt0.o (exit)
c:/st/stm32cubeide_1.6.1/stm32cubeide/plugins/com.st.stm32cube.ide.mcu.externaltools.gnu-tools-for-stm32.10.3-2021.10.win32_1.0.0.202111181127/tools/bin/../lib/gcc/arm-none-eabi/10.3.1/../../../../arm-none-eabi/lib/thumb/v7e-m+fp/hard\libc_nano.a(lib_a-impure.o)
                              c:/st/stm32cubeide_1.6.1/stm32cubeide/plugins/com.st.stm32cube.ide.mcu.externaltools.gnu-tools-for-stm32.10.3-2021.10.win32_1.0.0.202111181127/tools/bin/../lib/gcc/arm-none-eabi/10.3.1/../../../../arm-none-eabi/lib/thumb/v7e-m+fp/hard\libc_nano.a(lib_a-exit.o) (_global_impure_ptr)
c:/st/stm32cubeide_1.6.1/stm32cubeide/plugins/com.st.stm32cube.ide.mcu.externaltools.gnu-tools-for-stm32.10.3-2021.10.win32_1.0.0.202111181127/tools/bin/../lib/gcc/arm-none-eabi/10.3.1/../../../../arm-none-eabi/lib/thumb/v7e-m+fp/hard\libc_nano.a(lib_a-init.o)
                              c:/st/stm32cubeide_1.6.1/stm32cubeide/plugins/com.st.stm32cube.ide.mcu.externaltools.gnu-tools-for-stm32.10.3-2021.10.win32_1.0.0.202111181127/tools/bin/../lib/gcc/arm-none-eabi/10.3.1/../../../../arm-none-eabi/lib/thumb/v7e-m+fp/hard/crt0.o (__libc_init_array)
c:/st/stm32cubeide_1.6.1/stm32cubeide/plugins/com.st.stm32cube.ide.mcu.externaltools.gnu-tools-for-stm32.10.3-2021.10.win32_1.0.0.202111181127/tools/bin/../lib/gcc/arm-none-eabi/10.3.1/../../../../arm-none-eabi/lib/thumb/v7e-m+fp/hard\libc_nano.a(lib_a-memset.o)
                              c:/st/stm32cubeide_1.6.1/stm32cubeide/plugins/com.st.stm32cube.ide.mcu.externaltools.gnu-tools-for-stm32.10.3-2021.10.win32_1.0.0.202111181127/tools/bin/../lib/gcc/arm-none-eabi/10.3.1/../../../../arm-none-eabi/lib/thumb/v7e-m+fp/hard/crt0.o (memset)
c:/st/stm32cubeide_1.6.1/stm32cubeide/plugins/com.st.stm32cube.ide.mcu.externaltools.gnu-tools-for-stm32.10.3-2021.10.win32_1.0.0.202111181127/tools/bin/../lib/gcc/arm-none-eabi/10.3.1/thumb/v7e-m+fp/hard\libgcc.a(_aeabi_uldivmod.o)
                              ./Drivers/STM32F7xx_HAL_Driver/Src/stm32f7xx_hal_rcc.o (__aeabi_uldivmod)
c:/st/stm32cubeide_1.6.1/stm32cubeide/plugins/com.st.stm32cube.ide.mcu.externaltools.gnu-tools-for-stm32.10.3-2021.10.win32_1.0.0.202111181127/tools/bin/../lib/gcc/arm-none-eabi/10.3.1/thumb/v7e-m+fp/hard\libgcc.a(_udivmoddi4.o)
                              c:/st/stm32cubeide_1.6.1/stm32cubeide/plugins/com.st.stm32cube.ide.mcu.externaltools.gnu-tools-for-stm32.10.3-2021.10.win32_1.0.0.202111181127/tools/bin/../lib/gcc/arm-none-eabi/10.3.1/thumb/v7e-m+fp/hard\libgcc.a(_aeabi_uldivmod.o) (__udivmoddi4)
c:/st/stm32cubeide_1.6.1/stm32cubeide/plugins/com.st.stm32cube.ide.mcu.externaltools.gnu-tools-for-stm32.10.3-2021.10.win32_1.0.0.202111181127/tools/bin/../lib/gcc/arm-none-eabi/10.3.1/thumb/v7e-m+fp/hard\libgcc.a(_dvmd_tls.o)
                              c:/st/stm32cubeide_1.6.1/stm32cubeide/plugins/com.st.stm32cube.ide.mcu.externaltools.gnu-tools-for-stm32.10.3-2021.10.win32_1.0.0.202111181127/tools/bin/../lib/gcc/arm-none-eabi/10.3.1/thumb/v7e-m+fp/hard\libgcc.a(_aeabi_uldivmod.o) (__aeabi_ldiv0)

Discarded input sections

 .text          0x0000000000000000        0x0 c:/st/stm32cubeide_1.6.1/stm32cubeide/plugins/com.st.stm32cube.ide.mcu.externaltools.gnu-tools-for-stm32.10.3-2021.10.win32_1.0.0.202111181127/tools/bin/../lib/gcc/arm-none-eabi/10.3.1/thumb/v7e-m+fp/hard/crti.o
 .data          0x0000000000000000        0x0 c:/st/stm32cubeide_1.6.1/stm32cubeide/plugins/com.st.stm32cube.ide.mcu.externaltools.gnu-tools-for-stm32.10.3-2021.10.win32_1.0.0.202111181127/tools/bin/../lib/gcc/arm-none-eabi/10.3.1/thumb/v7e-m+fp/hard/crti.o
 .bss           0x0000000000000000        0x0 c:/st/stm32cubeide_1.6.1/stm32cubeide/plugins/com.st.stm32cube.ide.mcu.externaltools.gnu-tools-for-stm32.10.3-2021.10.win32_1.0.0.202111181127/tools/bin/../lib/gcc/arm-none-eabi/10.3.1/thumb/v7e-m+fp/hard/crti.o
[...]
Memory Configuration

Name             Origin             Length             Attributes
RAM              0x0000000020000000 0x0000000000040000 xrw
FLASH            0x0000000008000000 0x0000000000080000 xr
*default*        0x0000000000000000 0xffffffffffffffff

Linker script and memory map

LOAD c:/st/stm32cubeide_1.6.1/stm32cubeide/plugins/com.st.stm32cube.ide.mcu.externaltools.gnu-tools-for-stm32.10.3-2021.10.win32_1.0.0.202111181127/tools/bin/../lib/gcc/arm-none-eabi/10.3.1/thumb/v7e-m+fp/hard/crti.o
LOAD c:/st/stm32cubeide_1.6.1/stm32cubeide/plugins/com.st.stm32cube.ide.mcu.externaltools.gnu-tools-for-stm32.10.3-2021.10.win32_1.0.0.202111181127/tools/bin/../lib/gcc/arm-none-eabi/10.3.1/thumb/v7e-m+fp/hard/crtbegin.o
LOAD c:/st/stm32cubeide_1.6.1/stm32cubeide/plugins/com.st.stm32cube.ide.mcu.externaltools.gnu-tools-for-stm32.10.3-2021.10.win32_1.0.0.202111181127/tools/bin/../lib/gcc/arm-none-eabi/10.3.1/../../../../arm-none-eabi/lib/thumb/v7e-m+fp/hard/crt0.o
LOAD ./Core/Src/dma.o
LOAD ./Core/Src/gpio.o
LOAD ./Core/Src/main.o
LOAD ./Core/Src/obraz.o
LOAD ./Core/Src/stm32f7xx_hal_msp.o
LOAD ./Core/Src/stm32f7xx_hal_timebase_tim.o
LOAD ./Core/Src/stm32f7xx_it.o
LOAD ./Core/Src/syscalls.o
LOAD ./Core/Src/sysmem.o
LOAD ./Core/Src/system_stm32f7xx.o
LOAD ./Core/Startup/startup_stm32f722zetx.o
LOAD ./Drivers/STM32F7xx_HAL_Driver/Src/stm32f7xx_hal.o
LOAD ./Drivers/STM32F7xx_HAL_Driver/Src/stm32f7xx_hal_cortex.o
LOAD ./Drivers/STM32F7xx_HAL_Driver/Src/stm32f7xx_hal_dma.o
LOAD ./Drivers/STM32F7xx_HAL_Driver/Src/stm32f7xx_hal_dma_ex.o
LOAD ./Drivers/STM32F7xx_HAL_Driver/Src/stm32f7xx_hal_exti.o
LOAD ./Drivers/STM32F7xx_HAL_Driver/Src/stm32f7xx_hal_flash.o
LOAD ./Drivers/STM32F7xx_HAL_Driver/Src/stm32f7xx_hal_flash_ex.o
LOAD ./Drivers/STM32F7xx_HAL_Driver/Src/stm32f7xx_hal_gpio.o
LOAD ./Drivers/STM32F7xx_HAL_Driver/Src/stm32f7xx_hal_i2c.o
LOAD ./Drivers/STM32F7xx_HAL_Driver/Src/stm32f7xx_hal_i2c_ex.o
LOAD ./Drivers/STM32F7xx_HAL_Driver/Src/stm32f7xx_hal_pwr.o
LOAD ./Drivers/STM32F7xx_HAL_Driver/Src/stm32f7xx_hal_pwr_ex.o
LOAD ./Drivers/STM32F7xx_HAL_Driver/Src/stm32f7xx_hal_rcc.o
LOAD ./Drivers/STM32F7xx_HAL_Driver/Src/stm32f7xx_hal_rcc_ex.o
LOAD ./Drivers/STM32F7xx_HAL_Driver/Src/stm32f7xx_hal_tim.o
LOAD ./Drivers/STM32F7xx_HAL_Driver/Src/stm32f7xx_hal_tim_ex.o
START GROUP
LOAD c:/st/stm32cubeide_1.6.1/stm32cubeide/plugins/com.st.stm32cube.ide.mcu.externaltools.gnu-tools-for-stm32.10.3-2021.10.win32_1.0.0.202111181127/tools/bin/../lib/gcc/arm-none-eabi/10.3.1/../../../../arm-none-eabi/lib/thumb/v7e-m+fp/hard\libc_nano.a
LOAD c:/st/stm32cubeide_1.6.1/stm32cubeide/plugins/com.st.stm32cube.ide.mcu.externaltools.gnu-tools-for-stm32.10.3-2021.10.win32_1.0.0.202111181127/tools/bin/../lib/gcc/arm-none-eabi/10.3.1/../../../../arm-none-eabi/lib/thumb/v7e-m+fp/hard\libm.a
END GROUP
START GROUP
LOAD c:/st/stm32cubeide_1.6.1/stm32cubeide/plugins/com.st.stm32cube.ide.mcu.externaltools.gnu-tools-for-stm32.10.3-2021.10.win32_1.0.0.202111181127/tools/bin/../lib/gcc/arm-none-eabi/10.3.1/thumb/v7e-m+fp/hard\libgcc.a
LOAD c:/st/stm32cubeide_1.6.1/stm32cubeide/plugins/com.st.stm32cube.ide.mcu.externaltools.gnu-tools-for-stm32.10.3-2021.10.win32_1.0.0.202111181127/tools/bin/../lib/gcc/arm-none-eabi/10.3.1/../../../../arm-none-eabi/lib/thumb/v7e-m+fp/hard\libc_nano.a
END GROUP
START GROUP
LOAD c:/st/stm32cubeide_1.6.1/stm32cubeide/plugins/com.st.stm32cube.ide.mcu.externaltools.gnu-tools-for-stm32.10.3-2021.10.win32_1.0.0.202111181127/tools/bin/../lib/gcc/arm-none-eabi/10.3.1/thumb/v7e-m+fp/hard\libgcc.a
LOAD c:/st/stm32cubeide_1.6.1/stm32cubeide/plugins/com.st.stm32cube.ide.mcu.externaltools.gnu-tools-for-stm32.10.3-2021.10.win32_1.0.0.202111181127/tools/bin/../lib/gcc/arm-none-eabi/10.3.1/../../../../arm-none-eabi/lib/thumb/v7e-m+fp/hard\libc_nano.a
LOAD c:/st/stm32cubeide_1.6.1/stm32cubeide/plugins/com.st.stm32cube.ide.mcu.externaltools.gnu-tools-for-stm32.10.3-2021.10.win32_1.0.0.202111181127/tools/bin/../lib/gcc/arm-none-eabi/10.3.1/../../../../arm-none-eabi/lib/thumb/v7e-m+fp/hard\libnosys.a
END GROUP
START GROUP
LOAD c:/st/stm32cubeide_1.6.1/stm32cubeide/plugins/com.st.stm32cube.ide.mcu.externaltools.gnu-tools-for-stm32.10.3-2021.10.win32_1.0.0.202111181127/tools/bin/../lib/gcc/arm-none-eabi/10.3.1/thumb/v7e-m+fp/hard\libgcc.a
LOAD c:/st/stm32cubeide_1.6.1/stm32cubeide/plugins/com.st.stm32cube.ide.mcu.externaltools.gnu-tools-for-stm32.10.3-2021.10.win32_1.0.0.202111181127/tools/bin/../lib/gcc/arm-none-eabi/10.3.1/../../../../arm-none-eabi/lib/thumb/v7e-m+fp/hard\libc_nano.a
LOAD c:/st/stm32cubeide_1.6.1/stm32cubeide/plugins/com.st.stm32cube.ide.mcu.externaltools.gnu-tools-for-stm32.10.3-2021.10.win32_1.0.0.202111181127/tools/bin/../lib/gcc/arm-none-eabi/10.3.1/../../../../arm-none-eabi/lib/thumb/v7e-m+fp/hard\libnosys.a
END GROUP
LOAD c:/st/stm32cubeide_1.6.1/stm32cubeide/plugins/com.st.stm32cube.ide.mcu.externaltools.gnu-tools-for-stm32.10.3-2021.10.win32_1.0.0.202111181127/tools/bin/../lib/gcc/arm-none-eabi/10.3.1/thumb/v7e-m+fp/hard/crtend.o
LOAD c:/st/stm32cubeide_1.6.1/stm32cubeide/plugins/com.st.stm32cube.ide.mcu.externaltools.gnu-tools-for-stm32.10.3-2021.10.win32_1.0.0.202111181127/tools/bin/../lib/gcc/arm-none-eabi/10.3.1/thumb/v7e-m+fp/hard/crtn.o
                0x0000000020040000                _estack = (ORIGIN (RAM) + LENGTH (RAM))
                0x0000000000000200                _Min_Heap_Size = 0x200
                0x0000000000000400                _Min_Stack_Size = 0x400

.isr_vector     0x0000000008000000      0x1e0
                0x0000000008000000                . = ALIGN (0x4)
 *(.isr_vector)
 .isr_vector    0x0000000008000000      0x1e0 ./Core/Startup/startup_stm32f722zetx.o
                0x0000000008000000                g_pfnVectors
                0x00000000080001e0                . = ALIGN (0x4)

.text           0x00000000080001e0     0x2764
                0x00000000080001e0                . = ALIGN (0x4)
 *(.text)
 .text          0x00000000080001e0       0x40 c:/st/stm32cubeide_1.6.1/stm32cubeide/plugins/com.st.stm32cube.ide.mcu.externaltools.gnu-tools-for-stm32.10.3-2021.10.win32_1.0.0.202111181127/tools/bin/../lib/gcc/arm-none-eabi/10.3.1/thumb/v7e-m+fp/hard/crtbegin.o
 .text          0x0000000008000220       0x30 c:/st/stm32cubeide_1.6.1/stm32cubeide/plugins/com.st.stm32cube.ide.mcu.externaltools.gnu-tools-for-stm32.10.3-2021.10.win32_1.0.0.202111181127/tools/bin/../lib/gcc/arm-none-eabi/10.3.1/thumb/v7e-m+fp/hard\libgcc.a(_aeabi_uldivmod.o)
                0x0000000008000220                __aeabi_uldivmod
 .text          0x0000000008000250      0x2d0 c:/st/stm32cubeide_1.6.1/stm32cubeide/plugins/com.st.stm32cube.ide.mcu.externaltools.gnu-tools-for-stm32.10.3-2021.10.win32_1.0.0.202111181127/tools/bin/../lib/gcc/arm-none-eabi/10.3.1/thumb/v7e-m+fp/hard\libgcc.a(_udivmoddi4.o)
                0x0000000008000250                __udivmoddi4
 .text          0x0000000008000520        0x4 c:/st/stm32cubeide_1.6.1/stm32cubeide/plugins/com.st.stm32cube.ide.mcu.externaltools.gnu-tools-for-stm32.10.3-2021.10.win32_1.0.0.202111181127/tools/bin/../lib/gcc/arm-none-eabi/10.3.1/thumb/v7e-m+fp/hard\libgcc.a(_dvmd_tls.o)
                0x0000000008000520                __aeabi_idiv0
                0x0000000008000520                __aeabi_ldiv0
 *(.text*)
 .text.MX_DMA_Init
                0x0000000008000524      0x10c ./Core/Src/dma.o
                0x0000000008000524                MX_DMA_Init
 .text.MX_GPIO_Init
                0x0000000008000630      0x1d0 ./Core/Src/gpio.o
                0x0000000008000630                MX_GPIO_Init
 .text.panel.0  0x0000000008000800       0xa4 ./Core/Src/main.o
 .text.main     0x00000000080008a4      0x4e8 ./Core/Src/main.o
                0x00000000080008a4                main
 .text.SystemClock_Config
                0x0000000008000d8c       0xdc ./Core/Src/main.o
                0x0000000008000d8c                SystemClock_Config
 .text.HAL_TIM_PeriodElapsedCallback
                0x0000000008000e68       0x24 ./Core/Src/main.o
                0x0000000008000e68                HAL_TIM_PeriodElapsedCallback
 .text.Error_Handler
                0x0000000008000e8c        0xa ./Core/Src/main.o
                0x0000000008000e8c                Error_Handler
 *fill*         0x0000000008000e96        0x2 
 .text.HAL_MspInit
                0x0000000008000e98       0x48 ./Core/Src/stm32f7xx_hal_msp.o
                0x0000000008000e98                HAL_MspInit
 .text.HAL_InitTick
                0x0000000008000ee0       0xe0 ./Core/Src/stm32f7xx_hal_timebase_tim.o
                0x0000000008000ee0                HAL_InitTick
 .text.SysTick_Handler
                0x0000000008000fc0        0xe ./Core/Src/stm32f7xx_it.o
                0x0000000008000fc0                SysTick_Handler
 *fill*         0x0000000008000fce        0x2 
 .text.TIM1_TRG_COM_TIM11_IRQHandler
                0x0000000008000fd0       0x14 ./Core/Src/stm32f7xx_it.o
                0x0000000008000fd0                TIM1_TRG_COM_TIM11_IRQHandler
 .text.SystemInit
                0x0000000008000fe4       0x24 ./Core/Src/system_stm32f7xx.o
                0x0000000008000fe4                SystemInit
 .text.Reset_Handler
                0x0000000008001008       0x50 ./Core/Startup/startup_stm32f722zetx.o
                0x0000000008001008                Reset_Handler
 .text.Default_Handler
                0x0000000008001058        0x2 ./Core/Startup/startup_stm32f722zetx.o
                0x0000000008001058                RTC_Alarm_IRQHandler
                0x0000000008001058                EXTI2_IRQHandler
                0x0000000008001058                TIM8_CC_IRQHandler
                0x0000000008001058                DebugMon_Handler
                0x0000000008001058                UART8_IRQHandler
                0x0000000008001058                SPI4_IRQHandler
                0x0000000008001058                TIM1_CC_IRQHandler
                0x0000000008001058                DMA2_Stream5_IRQHandler
                0x0000000008001058                HardFault_Handler
                0x0000000008001058                DMA1_Stream5_IRQHandler
                0x0000000008001058                PVD_IRQHandler
                0x0000000008001058                TAMP_STAMP_IRQHandler
                0x0000000008001058                PendSV_Handler
                0x0000000008001058                NMI_Handler
                0x0000000008001058                EXTI3_IRQHandler
                0x0000000008001058                TIM8_TRG_COM_TIM14_IRQHandler
                0x0000000008001058                TIM1_UP_TIM10_IRQHandler
                0x0000000008001058                TIM8_UP_TIM13_IRQHandler
                0x0000000008001058                I2C3_ER_IRQHandler
                0x0000000008001058                EXTI0_IRQHandler
                0x0000000008001058                I2C2_EV_IRQHandler
                0x0000000008001058                DMA1_Stream2_IRQHandler
                0x0000000008001058                CAN1_RX0_IRQHandler
                0x0000000008001058                FPU_IRQHandler
                0x0000000008001058                OTG_HS_WKUP_IRQHandler
                0x0000000008001058                UsageFault_Handler
                0x0000000008001058                DMA2_Stream2_IRQHandler
                0x0000000008001058                SPI1_IRQHandler
                0x0000000008001058                TIM6_DAC_IRQHandler
                0x0000000008001058                TIM1_BRK_TIM9_IRQHandler
                0x0000000008001058                DMA2_Stream3_IRQHandler
                0x0000000008001058                SAI2_IRQHandler
                0x0000000008001058                USART6_IRQHandler
                0x0000000008001058                USART3_IRQHandler
                0x0000000008001058                CAN1_RX1_IRQHandler
                0x0000000008001058                UART5_IRQHandler
                0x0000000008001058                DMA2_Stream0_IRQHandler
                0x0000000008001058                TIM4_IRQHandler
                0x0000000008001058                QUADSPI_IRQHandler
                0x0000000008001058                I2C1_EV_IRQHandler
                0x0000000008001058                DMA1_Stream6_IRQHandler
                0x0000000008001058                DMA1_Stream1_IRQHandler
                0x0000000008001058                UART4_IRQHandler
                0x0000000008001058                TIM3_IRQHandler
                0x0000000008001058                RCC_IRQHandler
                0x0000000008001058                TIM8_BRK_TIM12_IRQHandler
                0x0000000008001058                Default_Handler
                0x0000000008001058                EXTI15_10_IRQHandler
                0x0000000008001058                ADC_IRQHandler
                0x0000000008001058                DMA1_Stream7_IRQHandler
                0x0000000008001058                SPI5_IRQHandler
                0x0000000008001058                TIM7_IRQHandler
                0x0000000008001058                SDMMC1_IRQHandler
                0x0000000008001058                TIM5_IRQHandler
                0x0000000008001058                DMA2_Stream7_IRQHandler
                0x0000000008001058                I2C3_EV_IRQHandler
                0x0000000008001058                EXTI9_5_IRQHandler
                0x0000000008001058                RTC_WKUP_IRQHandler
                0x0000000008001058                SPI2_IRQHandler
                0x0000000008001058                OTG_HS_EP1_IN_IRQHandler
                0x0000000008001058                MemManage_Handler
                0x0000000008001058                DMA1_Stream0_IRQHandler
                0x0000000008001058                CAN1_TX_IRQHandler
                0x0000000008001058                SVC_Handler
                0x0000000008001058                EXTI4_IRQHandler
                0x0000000008001058                RNG_IRQHandler
                0x0000000008001058                OTG_HS_EP1_OUT_IRQHandler
                0x0000000008001058                WWDG_IRQHandler
                0x0000000008001058                TIM2_IRQHandler
                0x0000000008001058                OTG_FS_WKUP_IRQHandler
                0x0000000008001058                OTG_HS_IRQHandler
                0x0000000008001058                EXTI1_IRQHandler
                0x0000000008001058                SDMMC2_IRQHandler
                0x0000000008001058                UART7_IRQHandler
                0x0000000008001058                USART2_IRQHandler
                0x0000000008001058                I2C2_ER_IRQHandler
                0x0000000008001058                DMA2_Stream1_IRQHandler
                0x0000000008001058                CAN1_SCE_IRQHandler
                0x0000000008001058                FLASH_IRQHandler
                0x0000000008001058                DMA2_Stream4_IRQHandler
                0x0000000008001058                BusFault_Handler
                0x0000000008001058                USART1_IRQHandler
                0x0000000008001058                OTG_FS_IRQHandler
                0x0000000008001058                SPI3_IRQHandler
                0x0000000008001058                DMA1_Stream4_IRQHandler
                0x0000000008001058                I2C1_ER_IRQHandler
                0x0000000008001058                FMC_IRQHandler
                0x0000000008001058                LPTIM1_IRQHandler
                0x0000000008001058                DMA2_Stream6_IRQHandler
                0x0000000008001058                SAI1_IRQHandler
                0x0000000008001058                DMA1_Stream3_IRQHandler
 .text.HAL_Init
                0x000000000800105a       0x1a ./Drivers/STM32F7xx_HAL_Driver/Src/stm32f7xx_hal.o
                0x000000000800105a                HAL_Init
 .text.HAL_IncTick
                0x0000000008001074       0x28 ./Drivers/STM32F7xx_HAL_Driver/Src/stm32f7xx_hal.o
                0x0000000008001074                HAL_IncTick
 .text.HAL_GetTick
                0x000000000800109c       0x18 ./Drivers/STM32F7xx_HAL_Driver/Src/stm32f7xx_hal.o
                0x000000000800109c                HAL_GetTick
 .text.__NVIC_SetPriorityGrouping
                0x00000000080010b4       0x48 ./Drivers/STM32F7xx_HAL_Driver/Src/stm32f7xx_hal_cortex.o
 .text.__NVIC_GetPriorityGrouping
                0x00000000080010fc       0x1c ./Drivers/STM32F7xx_HAL_Driver/Src/stm32f7xx_hal_cortex.o
 .text.__NVIC_EnableIRQ
                0x0000000008001118       0x3c ./Drivers/STM32F7xx_HAL_Driver/Src/stm32f7xx_hal_cortex.o
 .text.__NVIC_SetPriority
                0x0000000008001154       0x54 ./Drivers/STM32F7xx_HAL_Driver/Src/stm32f7xx_hal_cortex.o
 .text.NVIC_EncodePriority
                0x00000000080011a8       0x66 ./Drivers/STM32F7xx_HAL_Driver/Src/stm32f7xx_hal_cortex.o
 .text.HAL_NVIC_SetPriorityGrouping
                0x000000000800120e       0x16 ./Drivers/STM32F7xx_HAL_Driver/Src/stm32f7xx_hal_cortex.o
                0x000000000800120e                HAL_NVIC_SetPriorityGrouping
 .text.HAL_NVIC_SetPriority
                0x0000000008001224       0x38 ./Drivers/STM32F7xx_HAL_Driver/Src/stm32f7xx_hal_cortex.o
                0x0000000008001224                HAL_NVIC_SetPriority
 .text.HAL_NVIC_EnableIRQ
                0x000000000800125c       0x1c ./Drivers/STM32F7xx_HAL_Driver/Src/stm32f7xx_hal_cortex.o
                0x000000000800125c                HAL_NVIC_EnableIRQ
 .text.HAL_DMA_Init
                0x0000000008001278      0x15c ./Drivers/STM32F7xx_HAL_Driver/Src/stm32f7xx_hal_dma.o
                0x0000000008001278                HAL_DMA_Init
 .text.DMA_CalcBaseAndBitshift
                0x00000000080013d4       0x6c ./Drivers/STM32F7xx_HAL_Driver/Src/stm32f7xx_hal_dma.o
 .text.DMA_CheckFifoParam
                0x0000000008001440       0xf8 ./Drivers/STM32F7xx_HAL_Driver/Src/stm32f7xx_hal_dma.o
 .text.HAL_GPIO_Init
                0x0000000008001538      0x338 ./Drivers/STM32F7xx_HAL_Driver/Src/stm32f7xx_hal_gpio.o
                0x0000000008001538                HAL_GPIO_Init
 .text.HAL_GPIO_WritePin
                0x0000000008001870       0x32 ./Drivers/STM32F7xx_HAL_Driver/Src/stm32f7xx_hal_gpio.o
                0x0000000008001870                HAL_GPIO_WritePin
 *fill*         0x00000000080018a2        0x2 
 .text.HAL_PWREx_EnableOverDrive
                0x00000000080018a4       0xa0 ./Drivers/STM32F7xx_HAL_Driver/Src/stm32f7xx_hal_pwr_ex.o
                0x00000000080018a4                HAL_PWREx_EnableOverDrive
 .text.HAL_RCC_OscConfig
                0x0000000008001944      0x548 ./Drivers/STM32F7xx_HAL_Driver/Src/stm32f7xx_hal_rcc.o
                0x0000000008001944                HAL_RCC_OscConfig
 .text.HAL_RCC_ClockConfig
                0x0000000008001e8c      0x1d8 ./Drivers/STM32F7xx_HAL_Driver/Src/stm32f7xx_hal_rcc.o
                0x0000000008001e8c                HAL_RCC_ClockConfig
 .text.HAL_RCC_GetSysClockFreq
                0x0000000008002064      0x20c ./Drivers/STM32F7xx_HAL_Driver/Src/stm32f7xx_hal_rcc.o
                0x0000000008002064                HAL_RCC_GetSysClockFreq
 .text.HAL_RCC_GetHCLKFreq
                0x0000000008002270       0x18 ./Drivers/STM32F7xx_HAL_Driver/Src/stm32f7xx_hal_rcc.o
                0x0000000008002270                HAL_RCC_GetHCLKFreq
 .text.HAL_RCC_GetPCLK2Freq
                0x0000000008002288       0x28 ./Drivers/STM32F7xx_HAL_Driver/Src/stm32f7xx_hal_rcc.o
                0x0000000008002288                HAL_RCC_GetPCLK2Freq
 .text.HAL_RCC_GetClockConfig
                0x00000000080022b0       0x64 ./Drivers/STM32F7xx_HAL_Driver/Src/stm32f7xx_hal_rcc.o
                0x00000000080022b0                HAL_RCC_GetClockConfig
 .text.HAL_TIM_Base_Init
                0x0000000008002314       0xae ./Drivers/STM32F7xx_HAL_Driver/Src/stm32f7xx_hal_tim.o
                0x0000000008002314                HAL_TIM_Base_Init
 .text.HAL_TIM_Base_MspInit
                0x00000000080023c2       0x14 ./Drivers/STM32F7xx_HAL_Driver/Src/stm32f7xx_hal_tim.o
                0x00000000080023c2                HAL_TIM_Base_MspInit
 *fill*         0x00000000080023d6        0x2 
 .text.HAL_TIM_Base_Start_IT
                0x00000000080023d8       0xf0 ./Drivers/STM32F7xx_HAL_Driver/Src/stm32f7xx_hal_tim.o
                0x00000000080023d8                HAL_TIM_Base_Start_IT
 .text.HAL_TIM_IRQHandler
                0x00000000080024c8      0x23e ./Drivers/STM32F7xx_HAL_Driver/Src/stm32f7xx_hal_tim.o
                0x00000000080024c8                HAL_TIM_IRQHandler
 .text.HAL_TIM_OC_DelayElapsedCallback
                0x0000000008002706       0x14 ./Drivers/STM32F7xx_HAL_Driver/Src/stm32f7xx_hal_tim.o
                0x0000000008002706                HAL_TIM_OC_DelayElapsedCallback
 .text.HAL_TIM_IC_CaptureCallback
                0x000000000800271a       0x14 ./Drivers/STM32F7xx_HAL_Driver/Src/stm32f7xx_hal_tim.o
                0x000000000800271a                HAL_TIM_IC_CaptureCallback
 .text.HAL_TIM_PWM_PulseFinishedCallback
                0x000000000800272e       0x14 ./Drivers/STM32F7xx_HAL_Driver/Src/stm32f7xx_hal_tim.o
                0x000000000800272e                HAL_TIM_PWM_PulseFinishedCallback
 .text.HAL_TIM_TriggerCallback
                0x0000000008002742       0x14 ./Drivers/STM32F7xx_HAL_Driver/Src/stm32f7xx_hal_tim.o
                0x0000000008002742                HAL_TIM_TriggerCallback
 *fill*         0x0000000008002756        0x2 
 .text.TIM_Base_SetConfig
                0x0000000008002758      0x140 ./Drivers/STM32F7xx_HAL_Driver/Src/stm32f7xx_hal_tim.o
                0x0000000008002758                TIM_Base_SetConfig
 .text.HAL_TIMEx_CommutCallback
                0x0000000008002898       0x14 ./Drivers/STM32F7xx_HAL_Driver/Src/stm32f7xx_hal_tim_ex.o
                0x0000000008002898                HAL_TIMEx_CommutCallback
 .text.HAL_TIMEx_BreakCallback
                0x00000000080028ac       0x14 ./Drivers/STM32F7xx_HAL_Driver/Src/stm32f7xx_hal_tim_ex.o
                0x00000000080028ac                HAL_TIMEx_BreakCallback
 .text.HAL_TIMEx_Break2Callback
                0x00000000080028c0       0x14 ./Drivers/STM32F7xx_HAL_Driver/Src/stm32f7xx_hal_tim_ex.o
                0x00000000080028c0                HAL_TIMEx_Break2Callback
 .text.__libc_init_array
                0x00000000080028d4       0x48 c:/st/stm32cubeide_1.6.1/stm32cubeide/plugins/com.st.stm32cube.ide.mcu.externaltools.gnu-tools-for-stm32.10.3-2021.10.win32_1.0.0.202111181127/tools/bin/../lib/gcc/arm-none-eabi/10.3.1/../../../../arm-none-eabi/lib/thumb/v7e-m+fp/hard\libc_nano.a(lib_a-init.o)
                0x00000000080028d4                __libc_init_array
 .text.memset   0x000000000800291c       0x10 c:/st/stm32cubeide_1.6.1/stm32cubeide/plugins/com.st.stm32cube.ide.mcu.externaltools.gnu-tools-for-stm32.10.3-2021.10.win32_1.0.0.202111181127/tools/bin/../lib/gcc/arm-none-eabi/10.3.1/../../../../arm-none-eabi/lib/thumb/v7e-m+fp/hard\libc_nano.a(lib_a-memset.o)
                0x000000000800291c                memset
 *(.glue_7)
 .glue_7        0x000000000800292c        0x0 linker stubs
 *(.glue_7t)
 .glue_7t       0x000000000800292c        0x0 linker stubs
 *(.eh_frame)
 .eh_frame      0x000000000800292c        0x0 c:/st/stm32cubeide_1.6.1/stm32cubeide/plugins/com.st.stm32cube.ide.mcu.externaltools.gnu-tools-for-stm32.10.3-2021.10.win32_1.0.0.202111181127/tools/bin/../lib/gcc/arm-none-eabi/10.3.1/thumb/v7e-m+fp/hard/crtbegin.o
 *(.init)
 .init          0x000000000800292c        0x4 c:/st/stm32cubeide_1.6.1/stm32cubeide/plugins/com.st.stm32cube.ide.mcu.externaltools.gnu-tools-for-stm32.10.3-2021.10.win32_1.0.0.202111181127/tools/bin/../lib/gcc/arm-none-eabi/10.3.1/thumb/v7e-m+fp/hard/crti.o
                0x000000000800292c                _init
 .init          0x0000000008002930        0x8 c:/st/stm32cubeide_1.6.1/stm32cubeide/plugins/com.st.stm32cube.ide.mcu.externaltools.gnu-tools-for-stm32.10.3-2021.10.win32_1.0.0.202111181127/tools/bin/../lib/gcc/arm-none-eabi/10.3.1/thumb/v7e-m+fp/hard/crtn.o
 *(.fini)
 .fini          0x0000000008002938        0x4 c:/st/stm32cubeide_1.6.1/stm32cubeide/plugins/com.st.stm32cube.ide.mcu.externaltools.gnu-tools-for-stm32.10.3-2021.10.win32_1.0.0.202111181127/tools/bin/../lib/gcc/arm-none-eabi/10.3.1/thumb/v7e-m+fp/hard/crti.o
                0x0000000008002938                _fini
 .fini          0x000000000800293c        0x8 c:/st/stm32cubeide_1.6.1/stm32cubeide/plugins/com.st.stm32cube.ide.mcu.externaltools.gnu-tools-for-stm32.10.3-2021.10.win32_1.0.0.202111181127/tools/bin/../lib/gcc/arm-none-eabi/10.3.1/thumb/v7e-m+fp/hard/crtn.o
                0x0000000008002944                . = ALIGN (0x4)
                0x0000000008002944                _etext = .

.vfp11_veneer   0x0000000008002944        0x0
 .vfp11_veneer  0x0000000008002944        0x0 linker stubs

.v4_bx          0x0000000008002944        0x0
 .v4_bx         0x0000000008002944        0x0 linker stubs

.iplt           0x0000000008002944        0x0
 .iplt          0x0000000008002944        0x0 c:/st/stm32cubeide_1.6.1/stm32cubeide/plugins/com.st.stm32cube.ide.mcu.externaltools.gnu-tools-for-stm32.10.3-2021.10.win32_1.0.0.202111181127/tools/bin/../lib/gcc/arm-none-eabi/10.3.1/thumb/v7e-m+fp/hard/crtbegin.o

.rodata         0x0000000008002944     0x4820
                0x0000000008002944                . = ALIGN (0x4)
 *(.rodata)
 *(.rodata*)
 .rodata.sonic  0x0000000008002944     0x4800 ./Core/Src/main.o
 .rodata.AHBPrescTable
                0x0000000008007144       0x10 ./Core/Src/system_stm32f7xx.o
                0x0000000008007144                AHBPrescTable
 .rodata.APBPrescTable
                0x0000000008007154        0x8 ./Core/Src/system_stm32f7xx.o
                0x0000000008007154                APBPrescTable
 .rodata.flagBitshiftOffset.0
                0x000000000800715c        0x8 ./Drivers/STM32F7xx_HAL_Driver/Src/stm32f7xx_hal_dma.o
                0x0000000008007164                . = ALIGN (0x4)

.ARM.extab      0x0000000008007164        0x0
                0x0000000008007164                . = ALIGN (0x4)
 *(.ARM.extab* .gnu.linkonce.armextab.*)
                0x0000000008007164                . = ALIGN (0x4)

.ARM            0x0000000008007164        0x8
                0x0000000008007164                . = ALIGN (0x4)
                0x0000000008007164                __exidx_start = .
 *(.ARM.exidx*)
 .ARM.exidx     0x0000000008007164        0x8 c:/st/stm32cubeide_1.6.1/stm32cubeide/plugins/com.st.stm32cube.ide.mcu.externaltools.gnu-tools-for-stm32.10.3-2021.10.win32_1.0.0.202111181127/tools/bin/../lib/gcc/arm-none-eabi/10.3.1/thumb/v7e-m+fp/hard\libgcc.a(_udivmoddi4.o)
                0x000000000800716c                __exidx_end = .
                0x000000000800716c                . = ALIGN (0x4)

.rel.dyn        0x000000000800716c        0x0
 .rel.iplt      0x000000000800716c        0x0 c:/st/stm32cubeide_1.6.1/stm32cubeide/plugins/com.st.stm32cube.ide.mcu.externaltools.gnu-tools-for-stm32.10.3-2021.10.win32_1.0.0.202111181127/tools/bin/../lib/gcc/arm-none-eabi/10.3.1/thumb/v7e-m+fp/hard/crtbegin.o

.preinit_array  0x000000000800716c        0x0
                0x000000000800716c                . = ALIGN (0x4)
                0x000000000800716c                PROVIDE (__preinit_array_start = .)
 *(.preinit_array*)
                0x000000000800716c                PROVIDE (__preinit_array_end = .)
                0x000000000800716c                . = ALIGN (0x4)

.init_array     0x000000000800716c        0x4
                0x000000000800716c                . = ALIGN (0x4)
                0x000000000800716c                PROVIDE (__init_array_start = .)
 *(SORT_BY_NAME(.init_array.*))
 *(.init_array*)
 .init_array    0x000000000800716c        0x4 c:/st/stm32cubeide_1.6.1/stm32cubeide/plugins/com.st.stm32cube.ide.mcu.externaltools.gnu-tools-for-stm32.10.3-2021.10.win32_1.0.0.202111181127/tools/bin/../lib/gcc/arm-none-eabi/10.3.1/thumb/v7e-m+fp/hard/crtbegin.o
                0x0000000008007170                PROVIDE (__init_array_end = .)
                0x0000000008007170                . = ALIGN (0x4)

.fini_array     0x0000000008007170        0x4
                0x0000000008007170                . = ALIGN (0x4)
                [!provide]                        PROVIDE (__fini_array_start = .)
 *(SORT_BY_NAME(.fini_array.*))
 *(.fini_array*)
 .fini_array    0x0000000008007170        0x4 c:/st/stm32cubeide_1.6.1/stm32cubeide/plugins/com.st.stm32cube.ide.mcu.externaltools.gnu-tools-for-stm32.10.3-2021.10.win32_1.0.0.202111181127/tools/bin/../lib/gcc/arm-none-eabi/10.3.1/thumb/v7e-m+fp/hard/crtbegin.o
                [!provide]                        PROVIDE (__fini_array_end = .)
                0x0000000008007174                . = ALIGN (0x4)
                0x0000000008007174                _sidata = LOADADDR (.data)

.data           0x0000000020000000        0xc load address 0x0000000008007174
                0x0000000020000000                . = ALIGN (0x4)
                0x0000000020000000                _sdata = .
 *(.data)
 *(.data*)
 .data.SystemCoreClock
                0x0000000020000000        0x4 ./Core/Src/system_stm32f7xx.o
                0x0000000020000000                SystemCoreClock
 .data.uwTickPrio
                0x0000000020000004        0x4 ./Drivers/STM32F7xx_HAL_Driver/Src/stm32f7xx_hal.o
                0x0000000020000004                uwTickPrio
 .data.uwTickFreq
                0x0000000020000008        0x1 ./Drivers/STM32F7xx_HAL_Driver/Src/stm32f7xx_hal.o
                0x0000000020000008                uwTickFreq
 *(.RamFunc)
 *(.RamFunc*)
                0x000000002000000c                . = ALIGN (0x4)
 *fill*         0x0000000020000009        0x3 
                0x000000002000000c                _edata = .

.igot.plt       0x000000002000000c        0x0 load address 0x0000000008007180
 .igot.plt      0x000000002000000c        0x0 c:/st/stm32cubeide_1.6.1/stm32cubeide/plugins/com.st.stm32cube.ide.mcu.externaltools.gnu-tools-for-stm32.10.3-2021.10.win32_1.0.0.202111181127/tools/bin/../lib/gcc/arm-none-eabi/10.3.1/thumb/v7e-m+fp/hard/crtbegin.o
                0x000000002000000c                . = ALIGN (0x4)

.bss            0x000000002000000c    0x1512c load address 0x0000000008007180
                0x000000002000000c                _sbss = .
                0x000000002000000c                __bss_start__ = _sbss
 *(.bss)
 .bss           0x000000002000000c       0x1c c:/st/stm32cubeide_1.6.1/stm32cubeide/plugins/com.st.stm32cube.ide.mcu.externaltools.gnu-tools-for-stm32.10.3-2021.10.win32_1.0.0.202111181127/tools/bin/../lib/gcc/arm-none-eabi/10.3.1/thumb/v7e-m+fp/hard/crtbegin.o
 *(.bss*)
 .bss.hdma_memtomem_dma2_stream0
                0x0000000020000028       0x60 ./Core/Src/dma.o
                0x0000000020000028                hdma_memtomem_dma2_stream0
 .bss.hdma_memtomem_dma2_stream1
                0x0000000020000088       0x60 ./Core/Src/dma.o
                0x0000000020000088                hdma_memtomem_dma2_stream1
 .bss.bufor     0x00000000200000e8     0xc000 ./Core/Src/main.o
                0x00000000200000e8                bufor
 .bss.przejsciowy
                0x000000002000c0e8     0x9000 ./Core/Src/main.o
                0x000000002000c0e8                przejsciowy
 .bss.htim11    0x00000000200150e8       0x4c ./Core/Src/stm32f7xx_hal_timebase_tim.o
                0x00000000200150e8                htim11
 .bss.uwTick    0x0000000020015134        0x4 ./Drivers/STM32F7xx_HAL_Driver/Src/stm32f7xx_hal.o
                0x0000000020015134                uwTick
 *(COMMON)
                0x0000000020015138                . = ALIGN (0x4)
                0x0000000020015138                _ebss = .
                0x0000000020015138                __bss_end__ = _ebss

._user_heap_stack
                0x0000000020015138      0x600 load address 0x0000000008007180
                0x0000000020015138                . = ALIGN (0x8)
                [!provide]                        PROVIDE (end = .)
                0x0000000020015138                PROVIDE (_end = .)
                0x0000000020015338                . = (. + _Min_Heap_Size)
 *fill*         0x0000000020015138      0x200 
                0x0000000020015738                . = (. + _Min_Stack_Size)
 *fill*         0x0000000020015338      0x400 
                0x0000000020015738                . = ALIGN (0x8)

/DISCARD/
 libc.a(*)
 libm.a(*)
 libgcc.a(*)

.ARM.attributes
                0x0000000000000000       0x30
 *(.ARM.attributes)
 .ARM.attributes
                0x0000000000000000       0x1e c:/st/stm32cubeide_1.6.1/stm32cubeide/plugins/com.st.stm32cube.ide.mcu.externaltools.gnu-tools-for-stm32.10.3-2021.10.win32_1.0.0.202111181127/tools/bin/../lib/gcc/arm-none-eabi/10.3.1/thumb/v7e-m+fp/hard/crti.o
 .ARM.attributes
                0x000000000000001e       0x34 c:/st/stm32cubeide_1.6.1/stm32cubeide/plugins/com.st.stm32cube.ide.mcu.externaltools.gnu-tools-for-stm32.10.3-2021.10.win32_1.0.0.202111181127/tools/bin/../lib/gcc/arm-none-eabi/10.3.1/thumb/v7e-m+fp/hard/crtbegin.o
 .ARM.attributes
                0x0000000000000052       0x34 ./Core/Src/dma.o
 .ARM.attributes
                0x0000000000000086       0x34 ./Core/Src/gpio.o
 .ARM.attributes
                0x00000000000000ba       0x34 ./Core/Src/main.o
 .ARM.attributes
                0x00000000000000ee       0x34 ./Core/Src/stm32f7xx_hal_msp.o
 .ARM.attributes
                0x0000000000000122       0x34 ./Core/Src/stm32f7xx_hal_timebase_tim.o
 .ARM.attributes
                0x0000000000000156       0x34 ./Core/Src/stm32f7xx_it.o
 .ARM.attributes
                0x000000000000018a       0x34 ./Core/Src/system_stm32f7xx.o
 .ARM.attributes
                0x00000000000001be       0x21 ./Core/Startup/startup_stm32f722zetx.o
 .ARM.attributes
                0x00000000000001df       0x34 ./Drivers/STM32F7xx_HAL_Driver/Src/stm32f7xx_hal.o
 .ARM.attributes
                0x0000000000000213       0x34 ./Drivers/STM32F7xx_HAL_Driver/Src/stm32f7xx_hal_cortex.o
 .ARM.attributes
                0x0000000000000247       0x34 ./Drivers/STM32F7xx_HAL_Driver/Src/stm32f7xx_hal_dma.o
 .ARM.attributes
                0x000000000000027b       0x34 ./Drivers/STM32F7xx_HAL_Driver/Src/stm32f7xx_hal_gpio.o
 .ARM.attributes
                0x00000000000002af       0x34 ./Drivers/STM32F7xx_HAL_Driver/Src/stm32f7xx_hal_pwr_ex.o
 .ARM.attributes
                0x00000000000002e3       0x34 ./Drivers/STM32F7xx_HAL_Driver/Src/stm32f7xx_hal_rcc.o
 .ARM.attributes
                0x0000000000000317       0x34 ./Drivers/STM32F7xx_HAL_Driver/Src/stm32f7xx_hal_tim.o
 .ARM.attributes
                0x000000000000034b       0x34 ./Drivers/STM32F7xx_HAL_Driver/Src/stm32f7xx_hal_tim_ex.o
 .ARM.attributes
                0x000000000000037f       0x34 c:/st/stm32cubeide_1.6.1/stm32cubeide/plugins/com.st.stm32cube.ide.mcu.externaltools.gnu-tools-for-stm32.10.3-2021.10.win32_1.0.0.202111181127/tools/bin/../lib/gcc/arm-none-eabi/10.3.1/../../../../arm-none-eabi/lib/thumb/v7e-m+fp/hard\libc_nano.a(lib_a-init.o)
 .ARM.attributes
                0x00000000000003b3       0x34 c:/st/stm32cubeide_1.6.1/stm32cubeide/plugins/com.st.stm32cube.ide.mcu.externaltools.gnu-tools-for-stm32.10.3-2021.10.win32_1.0.0.202111181127/tools/bin/../lib/gcc/arm-none-eabi/10.3.1/../../../../arm-none-eabi/lib/thumb/v7e-m+fp/hard\libc_nano.a(lib_a-memset.o)
 .ARM.attributes
                0x00000000000003e7       0x1e c:/st/stm32cubeide_1.6.1/stm32cubeide/plugins/com.st.stm32cube.ide.mcu.externaltools.gnu-tools-for-stm32.10.3-2021.10.win32_1.0.0.202111181127/tools/bin/../lib/gcc/arm-none-eabi/10.3.1/thumb/v7e-m+fp/hard\libgcc.a(_aeabi_uldivmod.o)
 .ARM.attributes
                0x0000000000000405       0x34 c:/st/stm32cubeide_1.6.1/stm32cubeide/plugins/com.st.stm32cube.ide.mcu.externaltools.gnu-tools-for-stm32.10.3-2021.10.win32_1.0.0.202111181127/tools/bin/../lib/gcc/arm-none-eabi/10.3.1/thumb/v7e-m+fp/hard\libgcc.a(_udivmoddi4.o)
 .ARM.attributes
                0x0000000000000439       0x1e c:/st/stm32cubeide_1.6.1/stm32cubeide/plugins/com.st.stm32cube.ide.mcu.externaltools.gnu-tools-for-stm32.10.3-2021.10.win32_1.0.0.202111181127/tools/bin/../lib/gcc/arm-none-eabi/10.3.1/thumb/v7e-m+fp/hard\libgcc.a(_dvmd_tls.o)
 .ARM.attributes
                0x0000000000000457       0x1e c:/st/stm32cubeide_1.6.1/stm32cubeide/plugins/com.st.stm32cube.ide.mcu.externaltools.gnu-tools-for-stm32.10.3-2021.10.win32_1.0.0.202111181127/tools/bin/../lib/gcc/arm-none-eabi/10.3.1/thumb/v7e-m+fp/hard/crtn.o
OUTPUT(LED_MATRIX_parllel.elf elf32-littlearm)
LOAD linker stubs
LOAD c:/st/stm32cubeide_1.6.1/stm32cubeide/plugins/com.st.stm32cube.ide.mcu.externaltools.gnu-tools-for-stm32.10.3-2021.10.win32_1.0.0.202111181127/tools/bin/../lib/gcc/arm-none-eabi/10.3.1/../../../../arm-none-eabi/lib/thumb/v7e-m+fp/hard\libc.a
LOAD c:/st/stm32cubeide_1.6.1/stm32cubeide/plugins/com.st.stm32cube.ide.mcu.externaltools.gnu-tools-for-stm32.10.3-2021.10.win32_1.0.0.202111181127/tools/bin/../lib/gcc/arm-none-eabi/10.3.1/../../../../arm-none-eabi/lib/thumb/v7e-m+fp/hard\libm.a
LOAD c:/st/stm32cubeide_1.6.1/stm32cubeide/plugins/com.st.stm32cube.ide.mcu.externaltools.gnu-tools-for-stm32.10.3-2021.10.win32_1.0.0.202111181127/tools/bin/../lib/gcc/arm-none-eabi/10.3.1/thumb/v7e-m+fp/hard\libgcc.a

.debug_info     0x0000000000000000     0xb889
 .debug_info    0x0000000000000000      0x5b8 ./Core/Src/dma.o
 .debug_info    0x00000000000005b8      0x4f2 ./Core/Src/gpio.o
 .debug_info    0x0000000000000aaa      0xe65 ./Core/Src/main.o
 .debug_info    0x000000000000190f      0x2d2 ./Core/Src/stm32f7xx_hal_msp.o
 .debug_info    0x0000000000001be1      0xcc9 ./Core/Src/stm32f7xx_hal_timebase_tim.o
 .debug_info    0x00000000000028aa      0x6e9 ./Core/Src/stm32f7xx_it.o
 .debug_info    0x0000000000002f93      0x72c ./Core/Src/system_stm32f7xx.o
 .debug_info    0x00000000000036bf       0x22 ./Core/Startup/startup_stm32f722zetx.o
 .debug_info    0x00000000000036e1      0x9c4 ./Drivers/STM32F7xx_HAL_Driver/Src/stm32f7xx_hal.o
 .debug_info    0x00000000000040a5     0x1012 ./Drivers/STM32F7xx_HAL_Driver/Src/stm32f7xx_hal_cortex.o
 .debug_info    0x00000000000050b7      0x94f ./Drivers/STM32F7xx_HAL_Driver/Src/stm32f7xx_hal_dma.o
 .debug_info    0x0000000000005a06      0x794 ./Drivers/STM32F7xx_HAL_Driver/Src/stm32f7xx_hal_gpio.o
 .debug_info    0x000000000000619a      0x92e ./Drivers/STM32F7xx_HAL_Driver/Src/stm32f7xx_hal_pwr_ex.o
 .debug_info    0x0000000000006ac8      0x9aa ./Drivers/STM32F7xx_HAL_Driver/Src/stm32f7xx_hal_rcc.o
 .debug_info    0x0000000000007472     0x2d22 ./Drivers/STM32F7xx_HAL_Driver/Src/stm32f7xx_hal_tim.o
 .debug_info    0x000000000000a194     0x16f5 ./Drivers/STM32F7xx_HAL_Driver/Src/stm32f7xx_hal_tim_ex.o

.debug_abbrev   0x0000000000000000     0x1d29
 .debug_abbrev  0x0000000000000000      0x182 ./Core/Src/dma.o
 .debug_abbrev  0x0000000000000182      0x146 ./Core/Src/gpio.o
 .debug_abbrev  0x00000000000002c8      0x296 ./Core/Src/main.o
 .debug_abbrev  0x000000000000055e       0xd4 ./Core/Src/stm32f7xx_hal_msp.o
 .debug_abbrev  0x0000000000000632      0x1e6 ./Core/Src/stm32f7xx_hal_timebase_tim.o
 .debug_abbrev  0x0000000000000818      0x171 ./Core/Src/stm32f7xx_it.o
 .debug_abbrev  0x0000000000000989      0x136 ./Core/Src/system_stm32f7xx.o
 .debug_abbrev  0x0000000000000abf       0x12 ./Core/Startup/startup_stm32f722zetx.o
 .debug_abbrev  0x0000000000000ad1      0x20d ./Drivers/STM32F7xx_HAL_Driver/Src/stm32f7xx_hal.o
 .debug_abbrev  0x0000000000000cde      0x316 ./Drivers/STM32F7xx_HAL_Driver/Src/stm32f7xx_hal_cortex.o
 .debug_abbrev  0x0000000000000ff4      0x25b ./Drivers/STM32F7xx_HAL_Driver/Src/stm32f7xx_hal_dma.o
 .debug_abbrev  0x000000000000124f      0x1c4 ./Drivers/STM32F7xx_HAL_Driver/Src/stm32f7xx_hal_gpio.o
 .debug_abbrev  0x0000000000001413      0x1cb ./Drivers/STM32F7xx_HAL_Driver/Src/stm32f7xx_hal_pwr_ex.o
 .debug_abbrev  0x00000000000015de      0x27b ./Drivers/STM32F7xx_HAL_Driver/Src/stm32f7xx_hal_rcc.o
 .debug_abbrev  0x0000000000001859      0x264 ./Drivers/STM32F7xx_HAL_Driver/Src/stm32f7xx_hal_tim.o
 .debug_abbrev  0x0000000000001abd      0x26c ./Drivers/STM32F7xx_HAL_Driver/Src/stm32f7xx_hal_tim_ex.o

.debug_aranges  0x0000000000000000      0xaa8
 .debug_aranges
                0x0000000000000000       0x20 ./Core/Src/dma.o
 .debug_aranges
                0x0000000000000020       0x20 ./Core/Src/gpio.o
 .debug_aranges
                0x0000000000000040       0x40 ./Core/Src/main.o
 .debug_aranges
                0x0000000000000080       0x20 ./Core/Src/stm32f7xx_hal_msp.o
 .debug_aranges
                0x00000000000000a0       0x30 ./Core/Src/stm32f7xx_hal_timebase_tim.o
 .debug_aranges
                0x00000000000000d0       0x28 ./Core/Src/stm32f7xx_it.o
 .debug_aranges
                0x00000000000000f8       0x28 ./Core/Src/system_stm32f7xx.o
 .debug_aranges
                0x0000000000000120       0x28 ./Core/Startup/startup_stm32f722zetx.o
 .debug_aranges
                0x0000000000000148      0x100 ./Drivers/STM32F7xx_HAL_Driver/Src/stm32f7xx_hal.o
 .debug_aranges
                0x0000000000000248      0x118 ./Drivers/STM32F7xx_HAL_Driver/Src/stm32f7xx_hal_cortex.o
 .debug_aranges
                0x0000000000000360       0x90 ./Drivers/STM32F7xx_HAL_Driver/Src/stm32f7xx_hal_dma.o
 .debug_aranges
                0x00000000000003f0       0x58 ./Drivers/STM32F7xx_HAL_Driver/Src/stm32f7xx_hal_gpio.o
 .debug_aranges
                0x0000000000000448       0x80 ./Drivers/STM32F7xx_HAL_Driver/Src/stm32f7xx_hal_pwr_ex.o
 .debug_aranges
                0x00000000000004c8       0x88 ./Drivers/STM32F7xx_HAL_Driver/Src/stm32f7xx_hal_rcc.o
 .debug_aranges
                0x0000000000000550      0x3e0 ./Drivers/STM32F7xx_HAL_Driver/Src/stm32f7xx_hal_tim.o
 .debug_aranges
                0x0000000000000930      0x178 ./Drivers/STM32F7xx_HAL_Driver/Src/stm32f7xx_hal_tim_ex.o

.debug_ranges   0x0000000000000000      0x9b0
 .debug_ranges  0x0000000000000000       0x10 ./Core/Src/dma.o
 .debug_ranges  0x0000000000000010       0x10 ./Core/Src/gpio.o
 .debug_ranges  0x0000000000000020       0x30 ./Core/Src/main.o
 .debug_ranges  0x0000000000000050       0x10 ./Core/Src/stm32f7xx_hal_msp.o
 .debug_ranges  0x0000000000000060       0x20 ./Core/Src/stm32f7xx_hal_timebase_tim.o
 .debug_ranges  0x0000000000000080       0x18 ./Core/Src/stm32f7xx_it.o
 .debug_ranges  0x0000000000000098       0x18 ./Core/Src/system_stm32f7xx.o
 .debug_ranges  0x00000000000000b0       0x20 ./Core/Startup/startup_stm32f722zetx.o
 .debug_ranges  0x00000000000000d0       0xf0 ./Drivers/STM32F7xx_HAL_Driver/Src/stm32f7xx_hal.o
 .debug_ranges  0x00000000000001c0      0x108 ./Drivers/STM32F7xx_HAL_Driver/Src/stm32f7xx_hal_cortex.o
 .debug_ranges  0x00000000000002c8       0x80 ./Drivers/STM32F7xx_HAL_Driver/Src/stm32f7xx_hal_dma.o
 .debug_ranges  0x0000000000000348       0x48 ./Drivers/STM32F7xx_HAL_Driver/Src/stm32f7xx_hal_gpio.o
 .debug_ranges  0x0000000000000390       0x70 ./Drivers/STM32F7xx_HAL_Driver/Src/stm32f7xx_hal_pwr_ex.o
 .debug_ranges  0x0000000000000400       0x78 ./Drivers/STM32F7xx_HAL_Driver/Src/stm32f7xx_hal_rcc.o
 .debug_ranges  0x0000000000000478      0x3d0 ./Drivers/STM32F7xx_HAL_Driver/Src/stm32f7xx_hal_tim.o
 .debug_ranges  0x0000000000000848      0x168 ./Drivers/STM32F7xx_HAL_Driver/Src/stm32f7xx_hal_tim_ex.o

.debug_macro    0x0000000000000000    0x215b9
 .debug_macro   0x0000000000000000      0x1e7 ./Core/Src/dma.o
 .debug_macro   0x00000000000001e7      0xa78 ./Core/Src/dma.o
 .debug_macro   0x0000000000000c5f      0x28d ./Core/Src/dma.o
 .debug_macro   0x0000000000000eec       0x2e ./Core/Src/dma.o
 .debug_macro   0x0000000000000f1a       0x3b ./Core/Src/dma.o
 .debug_macro   0x0000000000000f55       0x22 ./Core/Src/dma.o
 .debug_macro   0x0000000000000f77       0x8e ./Core/Src/dma.o
 .debug_macro   0x0000000000001005       0x51 ./Core/Src/dma.o
 .debug_macro   0x0000000000001056      0x103 ./Core/Src/dma.o
 .debug_macro   0x0000000000001159       0x6a ./Core/Src/dma.o
 .debug_macro   0x00000000000011c3      0x1df ./Core/Src/dma.o
 .debug_macro   0x00000000000013a2       0x1c ./Core/Src/dma.o
 .debug_macro   0x00000000000013be       0x22 ./Core/Src/dma.o
 .debug_macro   0x00000000000013e0       0xd9 ./Core/Src/dma.o
 .debug_macro   0x00000000000014b9     0x12cd ./Core/Src/dma.o
 .debug_macro   0x0000000000002786      0x11f ./Core/Src/dma.o
 .debug_macro   0x00000000000028a5       0x19 ./Core/Src/dma.o
 .debug_macro   0x00000000000028be    0x15c67 ./Core/Src/dma.o
 .debug_macro   0x0000000000018525       0x6d ./Core/Src/dma.o
 .debug_macro   0x0000000000018592     0x3749 ./Core/Src/dma.o
 .debug_macro   0x000000000001bcdb      0x174 ./Core/Src/dma.o
 .debug_macro   0x000000000001be4f       0x63 ./Core/Src/dma.o
 .debug_macro   0x000000000001beb2     0x1588 ./Core/Src/dma.o
 .debug_macro   0x000000000001d43a      0x6c4 ./Core/Src/dma.o
 .debug_macro   0x000000000001dafe      0x17e ./Core/Src/dma.o
 .debug_macro   0x000000000001dc7c      0x115 ./Core/Src/dma.o
 .debug_macro   0x000000000001dd91      0x1d8 ./Core/Src/dma.o
 .debug_macro   0x000000000001df69       0xa5 ./Core/Src/dma.o
 .debug_macro   0x000000000001e00e      0x24f ./Core/Src/dma.o
 .debug_macro   0x000000000001e25d       0x71 ./Core/Src/dma.o
 .debug_macro   0x000000000001e2ce       0x58 ./Core/Src/dma.o
 .debug_macro   0x000000000001e326      0x236 ./Core/Src/dma.o
 .debug_macro   0x000000000001e55c      0x154 ./Core/Src/dma.o
 .debug_macro   0x000000000001e6b0      0x2c3 ./Core/Src/dma.o
 .debug_macro   0x000000000001e973       0x12 ./Core/Src/dma.o
 .debug_macro   0x000000000001e985      0x22c ./Core/Src/dma.o
 .debug_macro   0x000000000001ebb1       0x61 ./Core/Src/dma.o
 .debug_macro   0x000000000001ec12       0xa5 ./Core/Src/dma.o
 .debug_macro   0x000000000001ecb7      0x12e ./Core/Src/dma.o
 .debug_macro   0x000000000001ede5      0x108 ./Core/Src/dma.o
 .debug_macro   0x000000000001eeed       0x35 ./Core/Src/dma.o
 .debug_macro   0x000000000001ef22      0xa7c ./Core/Src/dma.o
 .debug_macro   0x000000000001f99e       0x59 ./Core/Src/dma.o
 .debug_macro   0x000000000001f9f7      0x14d ./Core/Src/dma.o
 .debug_macro   0x000000000001fb44       0x58 ./Core/Src/dma.o
 .debug_macro   0x000000000001fb9c      0x1e7 ./Core/Src/gpio.o
 .debug_macro   0x000000000001fd83      0x1f9 ./Core/Src/main.o
 .debug_macro   0x000000000001ff7c      0x1dd ./Core/Src/stm32f7xx_hal_msp.o
 .debug_macro   0x0000000000020159      0x1ce ./Core/Src/stm32f7xx_hal_timebase_tim.o
 .debug_macro   0x0000000000020327      0x1e7 ./Core/Src/stm32f7xx_it.o
 .debug_macro   0x000000000002050e      0x1ce ./Core/Src/system_stm32f7xx.o
 .debug_macro   0x00000000000206dc      0x1f2 ./Drivers/STM32F7xx_HAL_Driver/Src/stm32f7xx_hal.o
 .debug_macro   0x00000000000208ce      0x1ce ./Drivers/STM32F7xx_HAL_Driver/Src/stm32f7xx_hal_cortex.o
 .debug_macro   0x0000000000020a9c      0x1d4 ./Drivers/STM32F7xx_HAL_Driver/Src/stm32f7xx_hal_dma.o
 .debug_macro   0x0000000000020c70      0x1d4 ./Drivers/STM32F7xx_HAL_Driver/Src/stm32f7xx_hal_gpio.o
 .debug_macro   0x0000000000020e44      0x1e6 ./Drivers/STM32F7xx_HAL_Driver/Src/stm32f7xx_hal_pwr_ex.o
 .debug_macro   0x000000000002102a      0x1f2 ./Drivers/STM32F7xx_HAL_Driver/Src/stm32f7xx_hal_rcc.o
 .debug_macro   0x000000000002121c      0x1cf ./Drivers/STM32F7xx_HAL_Driver/Src/stm32f7xx_hal_tim.o
 .debug_macro   0x00000000000213eb      0x1ce ./Drivers/STM32F7xx_HAL_Driver/Src/stm32f7xx_hal_tim_ex.o

.debug_line     0x0000000000000000     0xd348
 .debug_line    0x0000000000000000      0x701 ./Core/Src/dma.o
 .debug_line    0x0000000000000701      0x709 ./Core/Src/gpio.o
 .debug_line    0x0000000000000e0a      0xaf5 ./Core/Src/main.o
 .debug_line    0x00000000000018ff      0x6af ./Core/Src/stm32f7xx_hal_msp.o
 .debug_line    0x0000000000001fae      0x71b ./Core/Src/stm32f7xx_hal_timebase_tim.o
 .debug_line    0x00000000000026c9      0x6cf ./Core/Src/stm32f7xx_it.o
 .debug_line    0x0000000000002d98      0x72f ./Core/Src/system_stm32f7xx.o
 .debug_line    0x00000000000034c7       0x88 ./Core/Startup/startup_stm32f722zetx.o
 .debug_line    0x000000000000354f      0x9c0 ./Drivers/STM32F7xx_HAL_Driver/Src/stm32f7xx_hal.o
 .debug_line    0x0000000000003f0f      0xc46 ./Drivers/STM32F7xx_HAL_Driver/Src/stm32f7xx_hal_cortex.o
 .debug_line    0x0000000000004b55      0xf0f ./Drivers/STM32F7xx_HAL_Driver/Src/stm32f7xx_hal_dma.o
 .debug_line    0x0000000000005a64      0xb0c ./Drivers/STM32F7xx_HAL_Driver/Src/stm32f7xx_hal_gpio.o
 .debug_line    0x0000000000006570      0x935 ./Drivers/STM32F7xx_HAL_Driver/Src/stm32f7xx_hal_pwr_ex.o
 .debug_line    0x0000000000006ea5      0xe03 ./Drivers/STM32F7xx_HAL_Driver/Src/stm32f7xx_hal_rcc.o
 .debug_line    0x0000000000007ca8     0x3be4 ./Drivers/STM32F7xx_HAL_Driver/Src/stm32f7xx_hal_tim.o
 .debug_line    0x000000000000b88c     0x1abc ./Drivers/STM32F7xx_HAL_Driver/Src/stm32f7xx_hal_tim_ex.o

.debug_str      0x0000000000000000    0xd28c7
 .debug_str     0x0000000000000000    0xcf79b ./Core/Src/dma.o
                                      0xcfe83 (size before relaxing)
 .debug_str     0x00000000000cf79b       0xe9 ./Core/Src/gpio.o
                                      0xcfc7c (size before relaxing)
 .debug_str     0x00000000000cf884      0x496 ./Core/Src/main.o
                                      0xd03b2 (size before relaxing)
 .debug_str     0x00000000000cfd1a       0x2c ./Core/Src/stm32f7xx_hal_msp.o
                                      0xcfbb1 (size before relaxing)
 .debug_str     0x00000000000cfd46      0x626 ./Core/Src/stm32f7xx_hal_timebase_tim.o
                                      0xd06af (size before relaxing)
 .debug_str     0x00000000000d036c       0x6e ./Core/Src/stm32f7xx_it.o
                                      0xd003d (size before relaxing)
 .debug_str     0x00000000000d03da      0x1a4 ./Core/Src/system_stm32f7xx.o
                                      0xcfc2b (size before relaxing)
 .debug_str     0x00000000000d057e       0x36 ./Core/Startup/startup_stm32f722zetx.o
                                         0x76 (size before relaxing)
 .debug_str     0x00000000000d05b4      0x3c6 ./Drivers/STM32F7xx_HAL_Driver/Src/stm32f7xx_hal.o
                                      0xd0502 (size before relaxing)
 .debug_str     0x00000000000d097a      0x33c ./Drivers/STM32F7xx_HAL_Driver/Src/stm32f7xx_hal_cortex.o
                                      0xd04ed (size before relaxing)
 .debug_str     0x00000000000d0cb6      0x329 ./Drivers/STM32F7xx_HAL_Driver/Src/stm32f7xx_hal_dma.o
                                      0xcff6a (size before relaxing)
 .debug_str     0x00000000000d0fdf      0x11a ./Drivers/STM32F7xx_HAL_Driver/Src/stm32f7xx_hal_gpio.o
                                      0xcfce9 (size before relaxing)
 .debug_str     0x00000000000d10f9      0x1d1 ./Drivers/STM32F7xx_HAL_Driver/Src/stm32f7xx_hal_pwr_ex.o
                                      0xcfe9a (size before relaxing)
 .debug_str     0x00000000000d12ca      0x223 ./Drivers/STM32F7xx_HAL_Driver/Src/stm32f7xx_hal_rcc.o
                                      0xcff94 (size before relaxing)
 .debug_str     0x00000000000d14ed      0xe79 ./Drivers/STM32F7xx_HAL_Driver/Src/stm32f7xx_hal_tim.o
                                      0xd0f3e (size before relaxing)
 .debug_str     0x00000000000d2366      0x561 ./Drivers/STM32F7xx_HAL_Driver/Src/stm32f7xx_hal_tim_ex.o
                                      0xd0794 (size before relaxing)

.comment        0x0000000000000000       0x50
 .comment       0x0000000000000000       0x50 ./Core/Src/dma.o
                                         0x51 (size before relaxing)
 .comment       0x0000000000000050       0x51 ./Core/Src/gpio.o
 .comment       0x0000000000000050       0x51 ./Core/Src/main.o
 .comment       0x0000000000000050       0x51 ./Core/Src/stm32f7xx_hal_msp.o
 .comment       0x0000000000000050       0x51 ./Core/Src/stm32f7xx_hal_timebase_tim.o
 .comment       0x0000000000000050       0x51 ./Core/Src/stm32f7xx_it.o
 .comment       0x0000000000000050       0x51 ./Core/Src/system_stm32f7xx.o
 .comment       0x0000000000000050       0x51 ./Drivers/STM32F7xx_HAL_Driver/Src/stm32f7xx_hal.o
 .comment       0x0000000000000050       0x51 ./Drivers/STM32F7xx_HAL_Driver/Src/stm32f7xx_hal_cortex.o
 .comment       0x0000000000000050       0x51 ./Drivers/STM32F7xx_HAL_Driver/Src/stm32f7xx_hal_dma.o
 .comment       0x0000000000000050       0x51 ./Drivers/STM32F7xx_HAL_Driver/Src/stm32f7xx_hal_gpio.o
 .comment       0x0000000000000050       0x51 ./Drivers/STM32F7xx_HAL_Driver/Src/stm32f7xx_hal_pwr_ex.o
 .comment       0x0000000000000050       0x51 ./Drivers/STM32F7xx_HAL_Driver/Src/stm32f7xx_hal_rcc.o
 .comment       0x0000000000000050       0x51 ./Drivers/STM32F7xx_HAL_Driver/Src/stm32f7xx_hal_tim.o
 .comment       0x0000000000000050       0x51 ./Drivers/STM32F7xx_HAL_Driver/Src/stm32f7xx_hal_tim_ex.o

.debug_frame    0x0000000000000000     0x2b6c
 .debug_frame   0x0000000000000000       0x34 ./Core/Src/dma.o
 .debug_frame   0x0000000000000034       0x34 ./Core/Src/gpio.o
 .debug_frame   0x0000000000000068       0xbc ./Core/Src/main.o
 .debug_frame   0x0000000000000124       0x38 ./Core/Src/stm32f7xx_hal_msp.o
 .debug_frame   0x000000000000015c       0x74 ./Core/Src/stm32f7xx_hal_timebase_tim.o
 .debug_frame   0x00000000000001d0       0x4c ./Core/Src/stm32f7xx_it.o
 .debug_frame   0x000000000000021c       0x58 ./Core/Src/system_stm32f7xx.o
 .debug_frame   0x0000000000000274      0x3b4 ./Drivers/STM32F7xx_HAL_Driver/Src/stm32f7xx_hal.o
 .debug_frame   0x0000000000000628      0x498 ./Drivers/STM32F7xx_HAL_Driver/Src/stm32f7xx_hal_cortex.o
 .debug_frame   0x0000000000000ac0      0x250 ./Drivers/STM32F7xx_HAL_Driver/Src/stm32f7xx_hal_dma.o
 .debug_frame   0x0000000000000d10      0x14c ./Drivers/STM32F7xx_HAL_Driver/Src/stm32f7xx_hal_gpio.o
 .debug_frame   0x0000000000000e5c      0x1c8 ./Drivers/STM32F7xx_HAL_Driver/Src/stm32f7xx_hal_pwr_ex.o
 .debug_frame   0x0000000000001024      0x1f8 ./Drivers/STM32F7xx_HAL_Driver/Src/stm32f7xx_hal_rcc.o
 .debug_frame   0x000000000000121c     0x121c ./Drivers/STM32F7xx_HAL_Driver/Src/stm32f7xx_hal_tim.o
 .debug_frame   0x0000000000002438      0x688 ./Drivers/STM32F7xx_HAL_Driver/Src/stm32f7xx_hal_tim_ex.o
 .debug_frame   0x0000000000002ac0       0x2c c:/st/stm32cubeide_1.6.1/stm32cubeide/plugins/com.st.stm32cube.ide.mcu.externaltools.gnu-tools-for-stm32.10.3-2021.10.win32_1.0.0.202111181127/tools/bin/../lib/gcc/arm-none-eabi/10.3.1/../../../../arm-none-eabi/lib/thumb/v7e-m+fp/hard\libc_nano.a(lib_a-init.o)
 .debug_frame   0x0000000000002aec       0x20 c:/st/stm32cubeide_1.6.1/stm32cubeide/plugins/com.st.stm32cube.ide.mcu.externaltools.gnu-tools-for-stm32.10.3-2021.10.win32_1.0.0.202111181127/tools/bin/../lib/gcc/arm-none-eabi/10.3.1/../../../../arm-none-eabi/lib/thumb/v7e-m+fp/hard\libc_nano.a(lib_a-memset.o)
 .debug_frame   0x0000000000002b0c       0x2c c:/st/stm32cubeide_1.6.1/stm32cubeide/plugins/com.st.stm32cube.ide.mcu.externaltools.gnu-tools-for-stm32.10.3-2021.10.win32_1.0.0.202111181127/tools/bin/../lib/gcc/arm-none-eabi/10.3.1/thumb/v7e-m+fp/hard\libgcc.a(_aeabi_uldivmod.o)
 .debug_frame   0x0000000000002b38       0x34 c:/st/stm32cubeide_1.6.1/stm32cubeide/plugins/com.st.stm32cube.ide.mcu.externaltools.gnu-tools-for-stm32.10.3-2021.10.win32_1.0.0.202111181127/tools/bin/../lib/gcc/arm-none-eabi/10.3.1/thumb/v7e-m+fp/hard\libgcc.a(_udivmoddi4.o)
